// 重构日志: 5b51af79
// 重构日志: 72ba80d3
// 重构日志: 92d96e22
// 同步 ID: bdecc579 @ Tue Sep  8 15:03:54 UTC 2026
// 重构日志: 288ab262
// 重构日志: 94f9227c
// 同步 ID: 9943c82b @ Thu Sep 10 10:30:25 UTC 2026
// 同步 ID: 3ac34fed @ Sat Sep 12 09:33:19 UTC 2026
// 重构日志: 7c642350
// 重构日志: 862cfce0
// 同步 ID: 69102d75 @ Sun Sep 13 21:48:01 UTC 2026
// 重构日志: 1f3aba13
// 重构日志: 80c32de5
// 同步 ID: c1654c13 @ Wed Sep 16 01:23:32 UTC 2026
// 同步 ID: a7fa6ac6 @ Thu Sep 17 02:18:58 UTC 2026
// 重构日志: 3469de47
// 重构日志: b2081fd5
// 重构日志: 56580b4d
// 同步 ID: 642fa39b @ Mon Sep 21 14:28:38 UTC 2026
// 重构日志: 56f14626
// 同步 ID: 5457263f @ Wed Sep 23 06:28:05 UTC 2026
// 重构日志: 1ddd250b
// 重构日志: 2367d675
// 同步 ID: 4f32c4bb @ Mon Sep 28 01:18:12 UTC 2026
// 同步 ID: e8241533 @ Mon Sep 28 07:16:14 UTC 2026
// 同步 ID: 1ab0e39a @ Tue Sep 29 16:04:57 UTC 2026
// 同步 ID: ee0a388d @ Wed Sep 30 07:31:58 UTC 2026
// 同步 ID: b8540617 @ Fri Oct  2 13:03:26 UTC 2026
// 同步 ID: 8c9c590b @ Wed Oct  7 09:44:56 UTC 2026
// 同步 ID: 876d4447 @ Thu Oct  8 02:43:11 UTC 2026
// 重构日志: 9e388494
